// Jest Snapshot v1, https://goo.gl/fbAQLP

exports[`<ButtonMore /> is rendered correctly with a large number of films 1`] = `
<button
  className="catalog__button"
  onClick={[Function]}
  type="button"
>
  Show more
</button>
`;

exports[`<ButtonMore /> is rendered correctly with a small number of films 1`] = `null`;
