// Jest Snapshot v1, https://goo.gl/fbAQLP

exports[`<VideoPlayer /> is rendered correctly 1`] = `
<video
  height={175}
  muted={true}
  poster="img/aviator.jpg"
  width={280}
>
  <source
    src="https://download.blender.org/durian/trailer/sintel_trailer-480p.mp4"
    type="video/mp4"
  />
</video>
`;
